core_cm4.h:1667:26:__NVIC_GetPriorityGrouping	4	static
core_cm4.h:1679:22:__NVIC_EnableIRQ	16	static,ignoring_inline_asm
core_cm4.h:1809:22:__NVIC_SetPriority	16	static
core_cm4.h:1856:26:NVIC_EncodePriority	40	static
stm32l4xx_ll_usart.h:675:22:LL_USART_Enable	16	static
stm32l4xx_ll_usart.h:2787:22:LL_USART_ConfigAsyncMode	16	static
stm32l4xx_ll_usart.h:3118:26:LL_USART_IsActiveFlag_RXNE	16	static
stm32l4xx_ll_usart.h:3159:26:LL_USART_IsActiveFlag_TXE	16	static
stm32l4xx_ll_usart.h:3645:22:LL_USART_EnableIT_RXNE	16	static
stm32l4xx_ll_usart.h:3686:22:LL_USART_EnableIT_TXE	16	static
stm32l4xx_ll_usart.h:3940:22:LL_USART_DisableIT_TXE	16	static
stm32l4xx_ll_usart.h:4521:25:LL_USART_ReceiveData8	16	static
stm32l4xx_ll_usart.h:4544:22:LL_USART_TransmitData8	16	static
stm32l4xx_ll_bus.h:565:22:LL_AHB2_GRP1_EnableClock	24	static
stm32l4xx_ll_bus.h:1089:22:LL_APB1_GRP1_EnableClock	24	static
stm32l4xx_ll_bus.h:1675:22:LL_APB2_GRP1_EnableClock	24	static
main.c:93:6:sendchar	16	static
main.c:104:6:sendString	16	static
main.c:111:10:read_voltageUNO	16	static
main.c:121:10:read_voltageDUO	16	static
main.c:137:6:pont	48	static
main.c:175:6:ligarCarro	8	static
main.c:182:6:readchar	24	static
main.c:216:6:cli	24	static
main.c:233:6:USART_2_IRQHandler	24	static,ignoring_inline_asm
main.c:269:6:USART_1_IRQHandler	24	static,ignoring_inline_asm
main.c:311:5:main	56	static
main.c:409:6:SystemClock_Config	96	static
main.c:456:6:PeriphCommonClock_Config	144	static
main.c:482:13:MX_ADC1_Init	48	static
main.c:546:13:MX_ADC2_Init	32	static
main.c:602:13:MX_TIM2_Init	64	static
main.c:661:13:MX_TIM3_Init	40	static
main.c:706:13:MX_USART1_UART_Init	200	static
main.c:771:13:MX_USART2_UART_Init	200	static
main.c:844:13:MX_GPIO_Init	48	static
main.c:888:6:StartDefaultTask	16	static
main.c:907:6:HAL_TIM_PeriodElapsedCallback	16	static
main.c:917:6:HAL_GPIO_EXTI_Callback	16	static
main.c:934:6:Error_Handler	4	static,ignoring_inline_asm
